*pag 92 

La subrutina que empieza en la línia 600 debería estar al final por ejemplo en la línia 6000 según las línias del ejmeplo

*pg 93

En la línia 211 sobra un EX(I)

*pag 211

En la línia 211 sobra un EX(I)

*pag 100 i 101

En la línia 700 debería de ser SPRITE 3

En la línia 710 debería de ser SPRITE 4

*pag 105

En la línia 250 he tenido que añadir la inicialización del color del semáforo del SC a 4



